// Jest Snapshot v1, https://goo.gl/fbAQLP

exports[`<Dashboard /> should match snapshot 1`] = `
<p
  className="example-component"
>
  Example Component
</p>
`;
